2018/08/20 17:09:51 Loading ActiveDocument
2018/08/20 17:09:51 Previous version not found: "C:\Users\Spencer\go\src\github.com\sbrow\ps\v2\Test.json"
2018/08/20 17:09:51 Loading manually (This could take awhile)
2018/08/20 17:09:51 Loading ActiveDocument/Group 1/
2018/08/20 17:09:51 Dumping to disk
2018/08/20 17:09:51 C:\Users\Spencer\go\src\github.com\sbrow\ps\v2\Test.json
2018/08/20 17:09:52 Dumping to disk
2018/08/20 17:09:52 C:\Users\Spencer\go\src\github.com\sbrow\ps\v2\Test.json
2018/08/20 17:09:52 Loading ActiveDocument
2018/08/20 17:09:52 Previous version found, loading
